---
source: tui/src/resume_picker.rs
expression: snapshot
---
  Created at      Updated at     Branch            CWD          Conversation
> 20 minutes ago  1 minute ago   feature/resident  srv/project  [changed] [approval] Re...
  2 hours ago     8 minutes ago  feature/resident  srv/project  [shell] Tail background...
